<html>
<body>
<pre>
<h1>µVision Build Log</h1>
<h2>Tool Versions:</h2>
IDE-Version: µVision V5.33.0.0
Copyright (C) 2020 ARM Ltd and ARM Germany GmbH. All rights reserved.
License Information: 123 2, 2, LIC=RC93N-YG1QV-Z9WG9-4DPXP-LM233-129MP
 
Tool Versions:
Toolchain:       MDK-ARM Plus  Version: 5.33.0.0
Toolchain Path:  C:\Keil_v5\ARM\ARMCC\Bin
C Compiler:      Armcc.exe V5.06 update 7 (build 960)
Assembler:       Armasm.exe V5.06 update 7 (build 960)
Linker/Locator:  ArmLink.exe V5.06 update 7 (build 960)
Library Manager: ArmAr.exe V5.06 update 7 (build 960)
Hex Converter:   FromElf.exe V5.06 update 7 (build 960)
CPU DLL:         SARMCM3.DLL V5.33.0.0
Dialog DLL:      DCM.DLL V1.17.3.0
Target DLL:      STLink\ST-LINKIII-KEIL_SWO.dll V3.0.8.0
Dialog DLL:      TCM.DLL V1.48.0.0
 
<h2>Project:</h2>
C:\Users\CyanO\Desktop\wi\MDK-ARM\waveShare_43tft_freertos_emwin.uvprojx
Project File Date:  05/17/2021

<h2>Output:</h2>
*** Using Compiler 'V5.06 update 7 (build 960)', folder: 'C:\Keil_v5\ARM\ARMCC\Bin'
Rebuild target 'waveShare_43tft_freertos_emwin'
assembling startup_stm32f746xx.s...
compiling GUIConf.c...
compiling CT_I2C.c...
compiling stm32f7xx_hal_timebase_tim.c...
compiling error.c...
compiling fifo.c...
compiling expression.c...
compiling ieee488.c...
compiling lexer.c...
compiling minimal.c...
compiling units.c...
compiling parser.c...
..\Src\libscpi\parser.c(520): warning:  #1293-D: assignment in condition
      while ((quote = strnpbrk(data, len, "\""))) {
..\Src\libscpi\parser.c(578): warning:  #1293-D: assignment in condition
          while ((quote = strnpbrk(data[i], len[i], "\""))) {
..\Src\libscpi\parser.c: 2 warnings, 0 errors
compiling utils.c...
compiling inputpage.c...
compiling scpi-def.c...
..\Src\scpi-def.c(241): warning:  #550-D: variable "res"  was set but never used
          scpi_expr_result_t res;
..\Src\scpi-def.c: 1 warning, 0 errors
compiling mainpage.c...
compiling HW_Init.c...
compiling usart.c...
compiling crc.c...
compiling dma.c...
compiling gpio.c...
compiling GT911.c...
compiling stm32f7xx_hal_msp.c...
compiling sys.c...
compiling stm32f7xx_it.c...
compiling main.c...
compiling STemwin_wrapper.c...
compiling freertos.c...
compiling GUI_App.c...
compiling stm32f7xx_hal_pwr.c...
compiling stm32f7xx_hal_flash_ex.c...
compiling stm32f7xx_hal_dma2d.c...
compiling stm32f7xx_hal_exti.c...
compiling stm32f7xx_hal_dma.c...
compiling stm32f7xx_hal_flash.c...
compiling stm32f7xx_hal.c...
compiling stm32f7xx_hal_dma_ex.c...
compiling stm32f7xx_hal_gpio.c...
compiling stm32f7xx_hal_pwr_ex.c...
compiling stm32f7xx_hal_rcc.c...
compiling stm32f7xx_hal_cortex.c...
compiling stm32f7xx_hal_i2c_ex.c...
compiling croutine.c...
compiling event_groups.c...
compiling list.c...
compiling stm32f7xx_hal_rcc_ex.c...
compiling stream_buffer.c...
compiling queue.c...
compiling timers.c...
compiling tasks.c...
compiling heap_4.c...
compiling cmsis_os.c...
compiling port.c...
compiling GUI_X_OS.c...
compiling stm32f7xx_hal_i2c.c...
compiling stm32f7xx_hal_sdram.c...
compiling stm32f7xx_hal_ltdc.c...
compiling stm32f7xx_ll_fmc.c...
compiling stm32f7xx_hal_ltdc_ex.c...
compiling stm32f7xx_hal_dsi.c...
compiling stm32f7xx_hal_crc.c...
compiling stm32f7xx_hal_crc_ex.c...
compiling system_stm32f7xx.c...
compiling stm32f7xx_hal_uart_ex.c...
compiling stm32f7xx_hal_uart.c...
compiling stm32f7xx_hal_tim_ex.c...
compiling stm32f7xx_hal_tim.c...
linking...
Program Size: Code=125844 RO-data=45136 RW-data=724 ZI-data=133568  
FromELF: creating hex file...
"waveShare_43tft_freertos_emwin\waveShare_43tft_freertos_emwin.axf" - 0 Error(s), 3 Warning(s).

<h2>Software Packages used:</h2>

Package Vendor: ARM
                http://www.keil.com/pack/ARM.CMSIS.5.7.0.pack
                ARM.CMSIS.5.7.0
                CMSIS (Cortex Microcontroller Software Interface Standard)
   * Component: CORE Version: 5.4.0

Package Vendor: Keil
                http://www.keil.com/pack/Keil.STM32F7xx_DFP.2.14.0.pack
                Keil.STM32F7xx_DFP.2.14.0
                STMicroelectronics STM32F7 Series Device Support, Drivers and Examples

<h2>Collection of Component include folders:</h2>
  .\RTE\_waveShare_43tft_freertos_emwin
  C:\Users\CyanO\AppData\Local\Arm\Packs\ARM\CMSIS\5.7.0\CMSIS\Core\Include
  C:\Users\CyanO\AppData\Local\Arm\Packs\Keil\STM32F7xx_DFP\2.14.0\Drivers\CMSIS\Device\ST\STM32F7xx\Include

<h2>Collection of Component Files used:</h2>

   * Component: ARM::CMSIS:CORE:5.4.0
Build Time Elapsed:  00:00:50
</pre>
</body>
</html>
